  bone_setup.cpp
C:\Users\Rika\Desktop\recast\rika\rstudiomdl\rstudiomdl\math\vector2d.h(581,19): warning C4244: 'argument': conversion from 'double' to 'float', possible loss of data
C:\Users\Rika\Desktop\recast\rika\rstudiomdl\rstudiomdl\math\vector.h(1026,7): warning C4244: '*=': conversion from 'float' to 'int', possible loss of data
C:\Users\Rika\Desktop\recast\rika\rstudiomdl\rstudiomdl\math\vector.h(1027,7): warning C4244: '*=': conversion from 'float' to 'int', possible loss of data
C:\Users\Rika\Desktop\recast\rika\rstudiomdl\rstudiomdl\math\vector.h(1028,7): warning C4244: '*=': conversion from 'float' to 'int', possible loss of data
C:\Users\Rika\Desktop\recast\rika\rstudiomdl\rstudiomdl\math\vector.h(1029,7): warning C4244: '*=': conversion from 'float' to 'int', possible loss of data
C:\Users\Rika\Desktop\recast\rika\rstudiomdl\rstudiomdl\math\vector.h(1046,7): warning C4244: '*=': conversion from 'float' to 'int', possible loss of data
C:\Users\Rika\Desktop\recast\rika\rstudiomdl\rstudiomdl\math\vector.h(1047,7): warning C4244: '*=': conversion from 'float' to 'int', possible loss of data
C:\Users\Rika\Desktop\recast\rika\rstudiomdl\rstudiomdl\math\vector.h(1048,7): warning C4244: '*=': conversion from 'float' to 'int', possible loss of data
C:\Users\Rika\Desktop\recast\rika\rstudiomdl\rstudiomdl\math\vector.h(1049,7): warning C4244: '*=': conversion from 'float' to 'int', possible loss of data
C:\Users\Rika\Desktop\recast\rika\rstudiomdl\rstudiomdl\math\vector.h(1066,16): warning C4244: '=': conversion from 'float' to 'int', possible loss of data
C:\Users\Rika\Desktop\recast\rika\rstudiomdl\rstudiomdl\math\vector.h(1067,16): warning C4244: '=': conversion from 'float' to 'int', possible loss of data
C:\Users\Rika\Desktop\recast\rika\rstudiomdl\rstudiomdl\math\vector.h(1068,16): warning C4244: '=': conversion from 'float' to 'int', possible loss of data
C:\Users\Rika\Desktop\recast\rika\rstudiomdl\rstudiomdl\math\vector.h(1069,16): warning C4244: '=': conversion from 'float' to 'int', possible loss of data
C:\Users\Rika\Desktop\recast\rika\rstudiomdl\rstudiomdl\math\vector.h(1330,19): warning C4244: 'argument': conversion from 'double' to 'float', possible loss of data
C:\Users\Rika\Desktop\recast\rika\rstudiomdl\rstudiomdl\math\compressed_vector.h(66,13): warning C4244: 'initializing': conversion from 'const _Ty' to 'float', possible loss of data
          with
          [
              _Ty=double
          ]
C:\Users\Rika\Desktop\recast\rika\rstudiomdl\rstudiomdl\math\compressed_vector.h(67,26): warning C4244: 'argument': conversion from 'double' to 'float', possible loss of data
C:\Users\Rika\Desktop\recast\rika\rstudiomdl\rstudiomdl\math\compressed_vector.h(140,27): warning C4244: '=': conversion from 'double' to 'float', possible loss of data
C:\Users\Rika\Desktop\recast\rika\rstudiomdl\rstudiomdl\math\compressed_vector.h(141,27): warning C4244: '=': conversion from 'double' to 'float', possible loss of data
C:\Users\Rika\Desktop\recast\rika\rstudiomdl\rstudiomdl\math\compressed_vector.h(142,14): warning C4244: '=': conversion from 'double' to 'float', possible loss of data
C:\Users\Rika\Desktop\recast\rika\rstudiomdl\rstudiomdl\math\compressed_vector.h(180,14): warning C4244: '=': conversion from 'double' to 'float', possible loss of data
C:\Users\Rika\Desktop\recast\rika\rstudiomdl\rstudiomdl\math\compressed_vector.h(224,27): warning C4244: '=': conversion from 'double' to 'float', possible loss of data
C:\Users\Rika\Desktop\recast\rika\rstudiomdl\rstudiomdl\math\compressed_vector.h(225,27): warning C4244: '=': conversion from 'double' to 'float', possible loss of data
C:\Users\Rika\Desktop\recast\rika\rstudiomdl\rstudiomdl\math\compressed_vector.h(226,27): warning C4244: '=': conversion from 'double' to 'float', possible loss of data
C:\Users\Rika\Desktop\recast\rika\rstudiomdl\rstudiomdl\math\compressed_vector.h(227,14): warning C4244: '=': conversion from 'double' to 'float', possible loss of data
C:\Users\Rika\Desktop\recast\rika\rstudiomdl\rstudiomdl\math\compressed_vector.h(271,26): warning C4244: '=': conversion from 'double' to 'float', possible loss of data
C:\Users\Rika\Desktop\recast\rika\rstudiomdl\rstudiomdl\math\compressed_vector.h(272,25): warning C4244: '=': conversion from 'double' to 'float', possible loss of data
C:\Users\Rika\Desktop\recast\rika\rstudiomdl\rstudiomdl\math\compressed_vector.h(273,25): warning C4244: '=': conversion from 'double' to 'float', possible loss of data
C:\Users\Rika\Desktop\recast\rika\rstudiomdl\rstudiomdl\math\compressed_vector.h(274,14): warning C4244: '=': conversion from 'double' to 'float', possible loss of data
C:\Users\Rika\Desktop\recast\rika\rstudiomdl\rstudiomdl\studio\studio.h(1645,33): warning C4311: 'reinterpret_cast': pointer truncation from 'char *' to 'int'
C:\Users\Rika\Desktop\recast\rika\rstudiomdl\rstudiomdl\studio\studio.h(1645,33): warning C4302: 'reinterpret_cast': truncation from 'char *' to 'int'
C:\Users\Rika\Desktop\recast\rika\rstudiomdl\rstudiomdl\studio\studio.h(1764,1): warning C4005: 'STUDIO_ANIM_DELTA': macro redefinition
C:\Users\Rika\Desktop\recast\rika\rstudiomdl\rstudiomdl\studio\studio.h(1056): message : see previous definition of 'STUDIO_ANIM_DELTA'
C:\Users\Rika\Desktop\recast\rika\rstudiomdl\rstudiomdl\studio\studio.h(1765,1): warning C4005: 'STUDIO_ANIM_RAWPOS': macro redefinition
C:\Users\Rika\Desktop\recast\rika\rstudiomdl\rstudiomdl\studio\studio.h(1052): message : see previous definition of 'STUDIO_ANIM_RAWPOS'
C:\Users\Rika\Desktop\recast\rika\rstudiomdl\rstudiomdl\studio\studio.h(1766,1): warning C4005: 'STUDIO_ANIM_RAWROT': macro redefinition
C:\Users\Rika\Desktop\recast\rika\rstudiomdl\rstudiomdl\studio\studio.h(1053): message : see previous definition of 'STUDIO_ANIM_RAWROT'
C:\Users\Rika\Desktop\recast\rika\rstudiomdl\rstudiomdl\studio\studio.h(1767,1): warning C4005: 'STUDIO_ANIM_RAWSCALE': macro redefinition
C:\Users\Rika\Desktop\recast\rika\rstudiomdl\rstudiomdl\studio\studio.h(1058): message : see previous definition of 'STUDIO_ANIM_RAWSCALE'
C:\Users\Rika\Desktop\recast\rika\rstudiomdl\rstudiomdl\studio\studio.h(2561,1): warning C4005: 'STUDIO_ANIM_ANIMSCALE': macro redefinition
C:\Users\Rika\Desktop\recast\rika\rstudiomdl\rstudiomdl\studio\studio.h(1059): message : see previous definition of 'STUDIO_ANIM_ANIMSCALE'
C:\Users\Rika\Desktop\recast\rika\rstudiomdl\rstudiomdl\studio\studio.h(2562,1): warning C4005: 'STUDIO_ANIM_ANIMROT': macro redefinition
C:\Users\Rika\Desktop\recast\rika\rstudiomdl\rstudiomdl\studio\studio.h(1055): message : see previous definition of 'STUDIO_ANIM_ANIMROT'
C:\Users\Rika\Desktop\recast\rika\rstudiomdl\rstudiomdl\studio\bone_setup.cpp(146,4): error C2065: 'QuaternionAligned': undeclared identifier
C:\Users\Rika\Desktop\recast\rika\rstudiomdl\rstudiomdl\studio\bone_setup.cpp(146,22): error C2146: syntax error: missing ';' before identifier 'q1'
C:\Users\Rika\Desktop\recast\rika\rstudiomdl\rstudiomdl\studio\bone_setup.cpp(146,22): error C2065: 'q1': undeclared identifier
C:\Users\Rika\Desktop\recast\rika\rstudiomdl\rstudiomdl\studio\bone_setup.cpp(146,26): error C2065: 'q2': undeclared identifier
C:\Users\Rika\Desktop\recast\rika\rstudiomdl\rstudiomdl\studio\bone_setup.cpp(166,29): error C2065: 'q1': undeclared identifier
C:\Users\Rika\Desktop\recast\rika\rstudiomdl\rstudiomdl\studio\bone_setup.cpp(167,29): error C2065: 'q2': undeclared identifier
C:\Users\Rika\Desktop\recast\rika\rstudiomdl\rstudiomdl\studio\bone_setup.cpp(169,21): error C2065: 'q1': undeclared identifier
C:\Users\Rika\Desktop\recast\rika\rstudiomdl\rstudiomdl\studio\bone_setup.cpp(169,25): error C2065: 'q2': undeclared identifier
C:\Users\Rika\Desktop\recast\rika\rstudiomdl\rstudiomdl\studio\bone_setup.cpp(169,5): error C3861: 'QuaternionBlend': identifier not found
C:\Users\Rika\Desktop\recast\rika\rstudiomdl\rstudiomdl\studio\bone_setup.cpp(200,4): error C3861: 'QuaternionAlign': identifier not found
C:\Users\Rika\Desktop\recast\rika\rstudiomdl\rstudiomdl\studio\bone_setup.cpp(238,29): warning C4244: '=': conversion from 'double' to 'float', possible loss of data
C:\Users\Rika\Desktop\recast\rika\rstudiomdl\rstudiomdl\studio\bone_setup.cpp(293,31): warning C4244: '=': conversion from 'double' to 'float', possible loss of data
C:\Users\Rika\Desktop\recast\rika\rstudiomdl\rstudiomdl\studio\bone_setup.cpp(397,14): warning C4244: 'initializing': conversion from 'double' to 'float', possible loss of data
C:\Users\Rika\Desktop\recast\rika\rstudiomdl\rstudiomdl\studio\bone_setup.cpp(404,25): warning C4244: 'argument': conversion from 'int' to 'float', possible loss of data
C:\Users\Rika\Desktop\recast\rika\rstudiomdl\rstudiomdl\studio\bone_setup.cpp(411,23): warning C4244: '=': conversion from 'int' to 'float', possible loss of data
  studio.cpp
C:\Users\Rika\Desktop\recast\rika\rstudiomdl\rstudiomdl\math\vector2d.h(581,19): warning C4244: 'argument': conversion from 'double' to 'float', possible loss of data
C:\Users\Rika\Desktop\recast\rika\rstudiomdl\rstudiomdl\math\vector.h(1026,7): warning C4244: '*=': conversion from 'float' to 'int', possible loss of data
C:\Users\Rika\Desktop\recast\rika\rstudiomdl\rstudiomdl\math\vector.h(1027,7): warning C4244: '*=': conversion from 'float' to 'int', possible loss of data
C:\Users\Rika\Desktop\recast\rika\rstudiomdl\rstudiomdl\math\vector.h(1028,7): warning C4244: '*=': conversion from 'float' to 'int', possible loss of data
C:\Users\Rika\Desktop\recast\rika\rstudiomdl\rstudiomdl\math\vector.h(1029,7): warning C4244: '*=': conversion from 'float' to 'int', possible loss of data
C:\Users\Rika\Desktop\recast\rika\rstudiomdl\rstudiomdl\math\vector.h(1046,7): warning C4244: '*=': conversion from 'float' to 'int', possible loss of data
C:\Users\Rika\Desktop\recast\rika\rstudiomdl\rstudiomdl\math\vector.h(1047,7): warning C4244: '*=': conversion from 'float' to 'int', possible loss of data
C:\Users\Rika\Desktop\recast\rika\rstudiomdl\rstudiomdl\math\vector.h(1048,7): warning C4244: '*=': conversion from 'float' to 'int', possible loss of data
C:\Users\Rika\Desktop\recast\rika\rstudiomdl\rstudiomdl\math\vector.h(1049,7): warning C4244: '*=': conversion from 'float' to 'int', possible loss of data
C:\Users\Rika\Desktop\recast\rika\rstudiomdl\rstudiomdl\math\vector.h(1066,16): warning C4244: '=': conversion from 'float' to 'int', possible loss of data
C:\Users\Rika\Desktop\recast\rika\rstudiomdl\rstudiomdl\math\vector.h(1067,16): warning C4244: '=': conversion from 'float' to 'int', possible loss of data
C:\Users\Rika\Desktop\recast\rika\rstudiomdl\rstudiomdl\math\vector.h(1068,16): warning C4244: '=': conversion from 'float' to 'int', possible loss of data
C:\Users\Rika\Desktop\recast\rika\rstudiomdl\rstudiomdl\math\vector.h(1069,16): warning C4244: '=': conversion from 'float' to 'int', possible loss of data
C:\Users\Rika\Desktop\recast\rika\rstudiomdl\rstudiomdl\math\vector.h(1330,19): warning C4244: 'argument': conversion from 'double' to 'float', possible loss of data
C:\Users\Rika\Desktop\recast\rika\rstudiomdl\rstudiomdl\math\compressed_vector.h(66,13): warning C4244: 'initializing': conversion from 'const _Ty' to 'float', possible loss of data
          with
          [
              _Ty=double
          ]
C:\Users\Rika\Desktop\recast\rika\rstudiomdl\rstudiomdl\math\compressed_vector.h(67,26): warning C4244: 'argument': conversion from 'double' to 'float', possible loss of data
C:\Users\Rika\Desktop\recast\rika\rstudiomdl\rstudiomdl\math\compressed_vector.h(140,27): warning C4244: '=': conversion from 'double' to 'float', possible loss of data
C:\Users\Rika\Desktop\recast\rika\rstudiomdl\rstudiomdl\math\compressed_vector.h(141,27): warning C4244: '=': conversion from 'double' to 'float', possible loss of data
C:\Users\Rika\Desktop\recast\rika\rstudiomdl\rstudiomdl\math\compressed_vector.h(142,14): warning C4244: '=': conversion from 'double' to 'float', possible loss of data
C:\Users\Rika\Desktop\recast\rika\rstudiomdl\rstudiomdl\math\compressed_vector.h(180,14): warning C4244: '=': conversion from 'double' to 'float', possible loss of data
C:\Users\Rika\Desktop\recast\rika\rstudiomdl\rstudiomdl\math\compressed_vector.h(224,27): warning C4244: '=': conversion from 'double' to 'float', possible loss of data
C:\Users\Rika\Desktop\recast\rika\rstudiomdl\rstudiomdl\math\compressed_vector.h(225,27): warning C4244: '=': conversion from 'double' to 'float', possible loss of data
C:\Users\Rika\Desktop\recast\rika\rstudiomdl\rstudiomdl\math\compressed_vector.h(226,27): warning C4244: '=': conversion from 'double' to 'float', possible loss of data
C:\Users\Rika\Desktop\recast\rika\rstudiomdl\rstudiomdl\math\compressed_vector.h(227,14): warning C4244: '=': conversion from 'double' to 'float', possible loss of data
C:\Users\Rika\Desktop\recast\rika\rstudiomdl\rstudiomdl\math\compressed_vector.h(271,26): warning C4244: '=': conversion from 'double' to 'float', possible loss of data
C:\Users\Rika\Desktop\recast\rika\rstudiomdl\rstudiomdl\math\compressed_vector.h(272,25): warning C4244: '=': conversion from 'double' to 'float', possible loss of data
C:\Users\Rika\Desktop\recast\rika\rstudiomdl\rstudiomdl\math\compressed_vector.h(273,25): warning C4244: '=': conversion from 'double' to 'float', possible loss of data
C:\Users\Rika\Desktop\recast\rika\rstudiomdl\rstudiomdl\math\compressed_vector.h(274,14): warning C4244: '=': conversion from 'double' to 'float', possible loss of data
C:\Users\Rika\Desktop\recast\rika\rstudiomdl\rstudiomdl\studio\studio.h(1645,33): warning C4311: 'reinterpret_cast': pointer truncation from 'char *' to 'int'
C:\Users\Rika\Desktop\recast\rika\rstudiomdl\rstudiomdl\studio\studio.h(1645,33): warning C4302: 'reinterpret_cast': truncation from 'char *' to 'int'
C:\Users\Rika\Desktop\recast\rika\rstudiomdl\rstudiomdl\studio\studio.h(1764,1): warning C4005: 'STUDIO_ANIM_DELTA': macro redefinition
C:\Users\Rika\Desktop\recast\rika\rstudiomdl\rstudiomdl\studio\studio.h(1056): message : see previous definition of 'STUDIO_ANIM_DELTA'
C:\Users\Rika\Desktop\recast\rika\rstudiomdl\rstudiomdl\studio\studio.h(1765,1): warning C4005: 'STUDIO_ANIM_RAWPOS': macro redefinition
C:\Users\Rika\Desktop\recast\rika\rstudiomdl\rstudiomdl\studio\studio.h(1052): message : see previous definition of 'STUDIO_ANIM_RAWPOS'
C:\Users\Rika\Desktop\recast\rika\rstudiomdl\rstudiomdl\studio\studio.h(1766,1): warning C4005: 'STUDIO_ANIM_RAWROT': macro redefinition
C:\Users\Rika\Desktop\recast\rika\rstudiomdl\rstudiomdl\studio\studio.h(1053): message : see previous definition of 'STUDIO_ANIM_RAWROT'
C:\Users\Rika\Desktop\recast\rika\rstudiomdl\rstudiomdl\studio\studio.h(1767,1): warning C4005: 'STUDIO_ANIM_RAWSCALE': macro redefinition
C:\Users\Rika\Desktop\recast\rika\rstudiomdl\rstudiomdl\studio\studio.h(1058): message : see previous definition of 'STUDIO_ANIM_RAWSCALE'
C:\Users\Rika\Desktop\recast\rika\rstudiomdl\rstudiomdl\studio\studio.h(2561,1): warning C4005: 'STUDIO_ANIM_ANIMSCALE': macro redefinition
C:\Users\Rika\Desktop\recast\rika\rstudiomdl\rstudiomdl\studio\studio.h(1059): message : see previous definition of 'STUDIO_ANIM_ANIMSCALE'
C:\Users\Rika\Desktop\recast\rika\rstudiomdl\rstudiomdl\studio\studio.h(2562,1): warning C4005: 'STUDIO_ANIM_ANIMROT': macro redefinition
C:\Users\Rika\Desktop\recast\rika\rstudiomdl\rstudiomdl\studio\studio.h(1055): message : see previous definition of 'STUDIO_ANIM_ANIMROT'
  Generating Code...
